
> next_temp@0.1.0 build
> next build

Ôû▓ Next.js 16.1.6 (Turbopack)

  Creating an optimized production build ...
Ô£ô Compiled successfully in 11.3s
  Running TypeScript ...
node.exe : Failed to compile.
At line:1 char:1
+ & "C:\Program 
Files\nodejs/node.exe" 
"C:\Program Files\nodejs/node_mo 
...
+ ~~~~~~~~~~~~~~~~~~~~~~~~~~~~~~~
~~~~~~~~~~~~~~~~~~~~~~~~~~~~~~~~~
~~~~~
    + CategoryInfo          : No 
   tSpecified: (Failed to compi  
  le.:String) [], RemoteExcept   
 ion
    + FullyQualifiedErrorId : Na 
   tiveCommandError
 

./sections/process/Process.tsx:22
:18
Type error: Property 'children' 
is missing in type '{ initial: { 
scaleX: number; }; whileInView: 
{ scaleX: number; }; transition: 
{ duration: number; ease: 
"easeInOut"; }; className: 
string; }' but required in type 
'AnimatedRevealProps'.

[0m [90m 20 |[39m             
    [33m<[39m[33mdiv[39m 
className[33m=[39m[32m"hidden 
lg:block absolute top-[28px] 
left-[10%] right-[10%] h-0.5 
bg-[#1F2937]"[39m 
[33m/[39m[33m>[39m
 [90m 21 |[39m
[31m[1m>[22m[39m[90m 22 
|[39m                 [33m<[39
m[33mAnimatedReveal[39m
 [90m    |[39m                 
 [31m[1m^[22m[39m
 [90m 23 |[39m                 
    initial[33m=[39m{{ 
scaleX[33m:[39m [35m0[39m }}
 [90m 24 |[39m                 
    whileInView[33m=[39m{{ 
scaleX[33m:[39m [35m1[39m }}
 [90m 25 |[39m                 
    transition[33m=[39m{{ 
duration[33m:[39m 
[35m1.5[39m[33m,[39m 
ease[33m:[39m 
[32m"easeInOut"[39m }}[0m
Next.js build worker exited with 
code: 1 and signal: null
